ca65 V2.18 - Ubuntu 2.19-1
Main file   : timertest.s
Current file: timertest.s

000000r 1               TESTID = $01
000000r 1               POINTL = $10
000000r 1               POINTH = $11
000000r 1               TMPA = $12
000000r 1               TMPX = $13
000000r 1               TMPY = $14
000000r 1               ATIME = $15 ; Actual time
000000r 1               ASTAT = $16 ; Actual status
000000r 1               ETIME = $17 ; Expected time
000000r 1               ESTAT = $18 ; Expected status
000000r 1               TEST_RESULT = $19;
000000r 1               FINAL_RESULT = $20;
000000r 1               
000000r 1               
000000r 1                       .ORG $0200
000200  1               
000200  1               
000200  1               ; ROM ROUTINES
000200  1               OUTCH = $1EA0
000200  1               PRTBYT = $1E3B ; byte in A register
000200  1               CRLF = $1E2F
000200  1               OUTSP = $1E9E
000200  1               GETKEY = $1F6A
000200  1               START  = $1C4F
000200  1               
000200  1               ;;;;;;;;;;;;;;;;;;; MAIN ;;;;;;;;;;;;;;;;;;;;;;;;;;;;;;;;;;;;;;;;;;;;;;;;
000200  1               
000200  1  EA                   nop
000201  1  EA           	nop
000202  1  EA           	nop
000203  1               
000203  1  A9 FE        	LDA #$FE
000205  1  85 00                STA $00
000207  1               
000207  1  A9 FA                LDA #$FA
000209  1  85 01                STA $01
00020B  1               
00020B  1  20 2F 1E              JSR CRLF
00020E  1  20 2F 1E              JSR CRLF
000211  1               
000211  1  20 2F 1E             JSR CRLF
000214  1  20 2F 1E             JSR CRLF
000217  1  20 2F 1E             JSR CRLF
00021A  1  20 2F 1E             JSR CRLF
00021D  1               
00021D  1               ;        LDA #$00
00021D  1               ;        STA TESTID
00021D  1               ;        STA FINAL_RESULT
00021D  1               
00021D  1               ;;;;;;;;;;;; TESTS START HERE
00021D  1               
00021D  1               
00021D  1  4C 4F 1C             JMP START
00021D  1               
